Semantic error: Symbol not found: x
Semantic error: x is not a variable but it is used like one
