Semantic error: Type mismatch: if condition must be boolean: expected boolean, got string
