Semantic error: Type mismatch: while condition must be boolean: expected boolean, got integer
