Semantic error: Type mismatch: integer and real are not compatible
