Semantic error: Type mismatch: Or expected [Boolean], got integer
