Semantic error: Type mismatch: Size expected [Array], got integer
