Semantic error: Type mismatch: Minus expected [Integer, Real], got string
