Semantic error: f is not a variable but it is used like one
