Semantic error: Type mismatch: index of a must be integer
