Semantic error: Type mismatch: a is indexed but it is not an array
