Semantic error: Type mismatch: rval (after i :=) has wrong type: expected integer, got real
