Warning: Program is not Mini-Pascal 2018 compliant: use of keyword as identifier
