Semantic error: Type mismatch: rval has wrong type: expected real, got integer
