Semantic error: Left side of assignment is not lval
