Semantic error: Type mismatch: wrong argument type for param i of function f: expected integer, got real
