Semantic error: Argument corresponding to a var parameter must be either a variable or an array subscript
