Semantic error: Wrong number of arguments given for f
