Warning: Program is not Mini-Pascal 2018 compliant: functions and procedures should be declared at the top level only
