Warning: Program is not Mini-Pascal 2018 compliant: there should be only definitions and a block at the top level
