Warning: Program is not Mini-Pascal 2018 compliant: expression statements should be either calls or assignments
