Warning: Program is not Mini-Pascal 2018 compliant: there should be only one block at the top level
