Warning: Program is not Mini-Pascal 2018 compliant: there should be a block at the end of the program
