Semantic error: Type mismatch: incorrect return type: expected real, got string
